- 1117838570 2005.06.03 R02-M1-N0-C:J12-U11 2005-06-03-15.42.50.675872 R02-M1-N0-C:J12-U11 RAS KERNEL INFO instruction cache parity error corrected
- 1117838573 2005.06.03 R02-M1-N0-C:J12-U11 2005-06-03-15.42.53.276129 R02-M1-N0-C:J12-U11 RAS KERNEL INFO instruction cache parity error corrected
- 1117838976 2005.06.03 R02-M1-N0-C:J12-U11 2005-06-03-15.49.36.156884 R02-M1-N0-C:J12-U11 RAS KERNEL INFO instruction cache parity error corrected
- 1117838978 2005.06.03 R02-M1-N0-C:J12-U11 2005-06-03-15.49.38.026704 R02-M1-N0-C:J12-U11 RAS KERNEL INFO instruction cache parity error corrected
- 1117842440 2005.06.03 R23-M0-NE-C:J05-U01 2005-06-03-16.47.20.730545 R23-M0-NE-C:J05-U01 RAS KERNEL INFO 63543 double-hummer alignment exceptions
- 1117842974 2005.06.03 R24-M0-N1-C:J13-U11 2005-06-03-16.56.14.254137 R24-M0-N1-C:J13-U11 RAS KERNEL INFO 162 double-hummer alignment exceptions
- 1117843015 2005.06.03 R21-M1-N6-C:J08-U11 2005-06-03-16.56.55.309974 R21-M1-N6-C:J08-U11 RAS KERNEL INFO 141 double-hummer alignment exceptions
- 1117848119 2005.06.03 R16-M1-N2-C:J17-U01 2005-06-03-18.21.59.871925 R16-M1-N2-C:J17-U01 RAS KERNEL INFO CE sym 2, at 0x0b85eee0, mask 0x05
APPREAD 1117869872 2005.06.04 R04-M1-N4-I:J18-U11 2005-06-04-00.24.32.432192 R04-M1-N4-I:J18-U11 RAS APP FATAL ciod: failed to read message prefix on control stream (CioStream socket to 172.16.96.116:33569
APPREAD 1117869876 2005.06.04 R27-M1-N4-I:J18-U01 2005-06-04-00.24.36.222560 R27-M1-N4-I:J18-U01 RAS APP FATAL ciod: failed to read message prefix on control stream (CioStream socket to 172.16.96.116:33370
- 1117942120 2005.06.04 R30-M0-N7-C:J08-U01 2005-06-04-20.28.40.767551 R30-M0-N7-C:J08-U01 RAS KERNEL INFO CE sym 20, at 0x1438f9e0, mask 0x40
- 1117955341 2005.06.05 R25-M0-N7-C:J02-U01 2005-06-05-00.09.01.903373 R25-M0-N7-C:J02-U01 RAS KERNEL INFO generating core.2275
- 1117955392 2005.06.05 R24-M1-N8-C:J09-U11 2005-06-05-00.09.52.516674 R24-M1-N8-C:J09-U11 RAS KERNEL INFO generating core.862
- 1117956980 2005.06.05 R24-M1-NB-C:J15-U11 2005-06-05-00.36.20.945796 R24-M1-NB-C:J15-U11 RAS KERNEL INFO generating core.728
- 1117957045 2005.06.05 R20-M1-N8-C:J04-U01 2005-06-05-00.37.25.012681 R20-M1-N8-C:J04-U01 RAS KERNEL INFO generating core.775
- 1117959501 2005.06.05 R24-M0-NE-C:J14-U11 2005-06-05-01.18.21.778604 R24-M0-NE-C:J14-U11 RAS KERNEL INFO generating core.3276
- 1117959513 2005.06.05 R21-M1-N2-C:J11-U01 2005-06-05-01.18.33.830595 R21-M1-N2-C:J11-U01 RAS KERNEL INFO generating core.1717
- 1117959563 2005.06.05 R24-M0-N8-C:J04-U11 2005-06-05-01.19.23.822135 R24-M0-N8-C:J04-U11 RAS KERNEL INFO generating core.3919
- 1117973759 2005.06.05 R31-M0-NE-C:J05-U11 2005-06-05-05.15.59.416717 R31-M0-NE-C:J05-U11 RAS KERNEL INFO generating core.2079
- 1117973786 2005.06.05 R36-M0-NA-C:J06-U01 2005-06-05-05.16.26.686603 R36-M0-NA-C:J06-U01 RAS KERNEL INFO generating core.1414
- 1117973919 2005.06.05 R33-M0-N4-C:J02-U11 2005-06-05-05.18.39.396608 R33-M0-N4-C:J02-U11 RAS KERNEL INFO generating core.3055
- 1117974206 2005.06.05 R22-M0-ND-C:J10-U11 2005-06-05-05.23.26.239153 R22-M0-ND-C:J10-U11 RAS KERNEL INFO generating core.201
- 1117974463 2005.06.05 R27-M0-N6-C:J10-U01 2005-06-05-05.27.43.336565 R27-M0-N6-C:J10-U01 RAS KERNEL INFO generating core.1125
- 1117975251 2005.06.05 R26-M1-N8-C:J17-U11 2005-06-05-05.40.51.726735 R26-M1-N8-C:J17-U11 RAS KERNEL INFO generating core.412
- 1117976658 2005.06.05 R36-M1-N8-C:J17-U01 2005-06-05-06.04.18.406158 R36-M1-N8-C:J17-U01 RAS KERNEL INFO generating core.7828
- 1117977497 2005.06.05 R33-M1-NB-C:J06-U01 2005-06-05-06.18.17.802159 R33-M1-NB-C:J06-U01 RAS KERNEL INFO generating core.5570
- 1117979227 2005.06.05 R01-M1-N7-C:J04-U11 2005-06-05-06.47.07.157021 R01-M1-N7-C:J04-U11 RAS KERNEL INFO generating core.8275
- 1117982609 2005.06.05 R35-M1-NE-C:J05-U01 2005-06-05-07.43.29.979844 R35-M1-NE-C:J05-U01 RAS KERNEL INFO generating core.4183
- 1117984124 2005.06.05 R36-M1-NF-C:J11-U01 2005-06-05-08.08.44.281729 R36-M1-NF-C:J11-U01 RAS KERNEL INFO generating core.6545
- 1117984130 2005.06.05 R37-M1-NE-C:J13-U01 2005-06-05-08.08.50.547117 R37-M1-NE-C:J13-U01 RAS KERNEL INFO generating core.4245
- 1117984216 2005.06.05 R32-M1-N4-C:J16-U01 2005-06-05-08.10.16.270131 R32-M1-N4-C:J16-U01 RAS KERNEL INFO generating core.6884
- 1117984246 2005.06.05 R30-M1-N3-C:J02-U01 2005-06-05-08.10.46.344235 R30-M1-N3-C:J02-U01 RAS KERNEL FATAL force load/store alignment...............0
- 1117985401 2005.06.05 R34-M1-NE-C:J02-U01 2005-06-05-08.30.01.873693 R34-M1-NE-C:J02-U01 RAS KERNEL INFO generating core.6471
- 1117985413 2005.06.05 R31-M1-N7-C:J05-U11 2005-06-05-08.30.13.824307 R31-M1-N7-C:J05-U11 RAS KERNEL INFO generating core.4155
- 1117985464 2005.06.05 R32-M0-NF-C:J10-U01 2005-06-05-08.31.04.464776 R32-M0-NF-C:J10-U01 RAS KERNEL INFO generating core.449
- 1117985533 2005.06.05 R34-M1-NC-C:J06-U11 2005-06-05-08.32.13.659715 R34-M1-NC-C:J06-U11 RAS KERNEL INFO generating core.6990
- 1117985547 2005.06.05 R31-M1-NC-C:J14-U11 2005-06-05-08.32.27.814949 R31-M1-NC-C:J14-U11 RAS KERNEL INFO generating core.4876
- 1117987420 2005.06.05 R37-M0-N7-C:J08-U11 2005-06-05-09.03.40.673488 R37-M0-N7-C:J08-U11 RAS KERNEL INFO generating core.2218
- 1117988266 2005.06.05 R34-M1-NA-C:J07-U11 2005-06-05-09.17.46.225683 R34-M1-NA-C:J07-U11 RAS KERNEL INFO generating core.7518
- 1117988286 2005.06.05 R33-M1-N8-C:J09-U11 2005-06-05-09.18.06.694851 R33-M1-N8-C:J09-U11 RAS KERNEL INFO generating core.5854
- 1117988416 2005.06.05 R30-M1-N3-C:J10-U01 2005-06-05-09.20.16.681318 R30-M1-N3-C:J10-U01 RAS KERNEL INFO generating core.7457
- 1117988443 2005.06.05 R32-M1-N5-C:J17-U01 2005-06-05-09.20.43.944594 R32-M1-N5-C:J17-U01 RAS KERNEL INFO generating core.6896
- 1117989483 2005.06.05 R37-M0-N3-C:J14-U01 2005-06-05-09.38.03.456120 R37-M0-N3-C:J14-U01 RAS KERNEL INFO generating core.3488
- 1117989508 2005.06.05 R36-M0-NA-C:J17-U01 2005-06-05-09.38.28.957918 R36-M0-NA-C:J17-U01 RAS KERNEL INFO generating core.1172
- 1117989530 2005.06.05 R33-M0-N6-C:J08-U11 2005-06-05-09.38.50.430385 R33-M0-N6-C:J08-U11 RAS KERNEL INFO generating core.2286
- 1117989577 2005.06.05 R30-M0-ND-C:J07-U01 2005-06-05-09.39.37.590924 R30-M0-ND-C:J07-U01 RAS KERNEL INFO generating core.786
- 1117989594 2005.06.05 R35-M0-N5-C:J17-U11 2005-06-05-09.39.54.210760 R35-M0-N5-C:J17-U11 RAS KERNEL INFO generating core.2680
- 1117989601 2005.06.05 R32-M0-N2-C:J15-U01 2005-06-05-09.40.01.191177 R32-M0-N2-C:J15-U01 RAS KERNEL INFO generating core.1524
- 1117989617 2005.06.05 R35-M1-ND-C:J10-U11 2005-06-05-09.40.17.352982 R35-M1-ND-C:J10-U11 RAS KERNEL INFO generating core.4937
- 1117990886 2005.06.05 R36-M1-ND-C:J13-U01 2005-06-05-10.01.26.040379 R36-M1-ND-C:J13-U01 RAS KERNEL INFO generating core.6801
- 1117990951 2005.06.05 R31-M1-NF-C:J15-U01 2005-06-05-10.02.31.242619 R31-M1-NF-C:J15-U01 RAS KERNEL INFO generating core.4368
- 1117990980 2005.06.05 R34-M0-ND-C:J03-U01 2005-06-05-10.03.00.195528 R34-M0-ND-C:J03-U01 RAS KERNEL INFO generating core.851
- 1117991006 2005.06.05 R32-M0-N9-C:J17-U01 2005-06-05-10.03.26.884113 R32-M0-N9-C:J17-U01 RAS KERNEL INFO generating core.1744
- 1117991046 2005.06.05 R30-M0-N0-C:J17-U01 2005-06-05-10.04.06.326828 R30-M0-N0-C:J17-U01 RAS KERNEL INFO generating core.1588
- 1117992519 2005.06.05 R37-M1-N3-C:J05-U11 2005-06-05-10.28.39.717587 R37-M1-N3-C:J05-U11 RAS KERNEL INFO generating core.5307
- 1117992553 2005.06.05 R30-M1-NB-C:J17-U11 2005-06-05-10.29.13.196439 R30-M1-NB-C:J17-U11 RAS KERNEL INFO generating core.7192
- 1118070512 2005.06.06 R01-M1-NB-C:J03-U11 2005-06-06-08.08.32.984716 R01-M1-NB-C:J03-U11 RAS KERNEL INFO CE sym 20, at 0x01228120, mask 0x10
- 1118070518 2005.06.06 R01-M1-ND-C:J15-U11 2005-06-06-08.08.38.414458 R01-M1-ND-C:J15-U11 RAS KERNEL INFO CE sym 5, at 0x11042a80, mask 0x04
- 1118079221 2005.06.06 R02-M1-N0-C:J12-U11 2005-06-06-10.33.41.093251 R02-M1-N0-C:J12-U11 RAS KERNEL INFO instruction cache parity error corrected
- 1118079403 2005.06.06 R02-M1-N0-C:J12-U11 2005-06-06-10.36.43.705821 R02-M1-N0-C:J12-U11 RAS KERNEL INFO instruction cache parity error corrected
- 1118080420 2005.06.06 R02-M1-N0-C:J12-U11 2005-06-06-10.53.40.701796 R02-M1-N0-C:J12-U11 RAS KERNEL INFO instruction cache parity error corrected
- 1118080480 2005.06.06 R02-M1-N0-C:J12-U11 2005-06-06-10.54.40.382678 R02-M1-N0-C:J12-U11 RAS KERNEL INFO instruction cache parity error corrected
- 1118080909 2005.06.06 R02-M1-N0-C:J12-U11 2005-06-06-11.01.49.223879 R02-M1-N0-C:J12-U11 RAS KERNEL INFO instruction cache parity error corrected
- 1118081048 2005.06.06 R02-M1-N0-C:J12-U11 2005-06-06-11.04.08.452393 R02-M1-N0-C:J12-U11 RAS KERNEL INFO instruction cache parity error corrected
- 1118081391 2005.06.06 R02-M1-N0-C:J12-U11 2005-06-06-11.09.51.751862 R02-M1-N0-C:J12-U11 RAS KERNEL INFO instruction cache parity error corrected
- 1118081467 2005.06.06 R02-M1-N0-C:J12-U11 2005-06-06-11.11.07.787886 R02-M1-N0-C:J12-U11 RAS KERNEL INFO instruction cache parity error corrected
- 1118112603 2005.06.06 R22-M0-N0-C:J08-U11 2005-06-06-19.50.03.669394 R22-M0-N0-C:J08-U11 RAS KERNEL INFO generating core.430
- 1118112604 2005.06.06 R22-M0-N4-C:J08-U11 2005-06-06-19.50.04.552706 R22-M0-N4-C:J08-U11 RAS KERNEL INFO generating core.174
- 1118112700 2005.06.06 R23-M0-N0-I:J18-U01 2005-06-06-19.51.40.376079 R23-M0-N0-I:J18-U01 RAS KERNEL INFO ciod: cpu 0 at treeaddr 438 sent unrecognized message 0xffffffff
- 1118114656 2005.06.06 R24-M1-N9-C:J15-U01 2005-06-06-20.24.16.345770 R24-M1-N9-C:J15-U01 RAS KERNEL INFO generating core.976
- 1118122888 2005.06.06 R25-M1-N8-C:J06-U01 2005-06-06-22.41.28.143013 R25-M1-N8-C:J06-U01 RAS KERNEL INFO generating core.1990
- 1118149549 2005.06.07 R20-M0-N2-C:J09-U01 2005-06-07-06.05.49.961844 R20-M0-N2-C:J09-U01 RAS KERNEL INFO generating core.3638
- 1118149569 2005.06.07 R21-M0-NB-C:J06-U01 2005-06-07-06.06.09.288228 R21-M0-NB-C:J06-U01 RAS KERNEL INFO generating core.2690
- 1118149570 2005.06.07 R24-M0-NA-C:J15-U11 2005-06-07-06.06.10.391269 R24-M0-NA-C:J15-U11 RAS KERNEL INFO generating core.3804
- 1118149783 2005.06.07 R20-M1-N5-C:J06-U01 2005-06-07-06.09.43.355329 R20-M1-N5-C:J06-U01 RAS KERNEL INFO generating core.418
- 1118149821 2005.06.07 R20-M1-N4-C:J09-U01 2005-06-07-06.10.21.214757 R20-M1-N4-C:J09-U01 RAS KERNEL INFO generating core.310
- 1118172013 2005.06.07 R35-M0-N7-C:J10-U11 2005-06-07-12.20.13.966416 R35-M0-N7-C:J10-U11 RAS KERNEL INFO generating core.2409
- 1118172017 2005.06.07 R35-M1-NE-C:J09-U01 2005-06-07-12.20.17.344136 R35-M1-NE-C:J09-U01 RAS KERNEL INFO generating core.4182
- 1118172099 2005.06.07 R32-M1-N9-C:J11-U11 2005-06-07-12.21.39.208896 R32-M1-N9-C:J11-U11 RAS KERNEL INFO generating core.8153
- 1118172125 2005.06.07 R36-M1-N8-C:J17-U11 2005-06-07-12.22.05.196450 R36-M1-N8-C:J17-U11 RAS KERNEL INFO generating core.7836
- 1118172147 2005.06.07 R35-M0-NC-C:J03-U11 2005-06-07-12.22.27.613809 R35-M0-NC-C:J03-U11 RAS KERNEL INFO generating core.2911
- 1118172690 2005.06.07 R35-M0-N5-C:J10-U11 2005-06-07-12.31.30.918396 R35-M0-N5-C:J10-U11 RAS KERNEL INFO generating core.2921
- 1118183497 2005.06.07 R34-M0-N7-C:J09-U11 2005-06-07-15.31.37.435791 R34-M0-N7-C:J09-U11 RAS KERNEL INFO generating core.122
- 1118183566 2005.06.07 R36-M0-N0-C:J11-U01 2005-06-07-15.32.46.334191 R36-M0-N0-C:J11-U01 RAS KERNEL INFO generating core.1973
- 1118193358 2005.06.07 R11-M0-NC-I:J18-U01 2005-06-07-18.15.58.583443 R11-M0-NC-I:J18-U01 RAS APP FATAL ciod: LOGIN chdir(/p/gb2/glosli/8M_5000K/t800) failed: No such file or directory
- 1118207879 2005.06.07 R17-M1-N7-C:J15-U11 2005-06-07-22.17.59.587113 R17-M1-N7-C:J15-U11 RAS KERNEL INFO generating core.4984
- 1118207897 2005.06.07 R16-M1-NC-C:J06-U11 2005-06-07-22.18.17.203831 R16-M1-NC-C:J06-U11 RAS KERNEL INFO generating core.1822
- 1118251556 2005.06.08 R16-M1-N2-C:J12-U01 2005-06-08-10.25.56.322381 R16-M1-N2-C:J12-U01 RAS KERNEL INFO CE sym 28, at 0x110067e0, mask 0x02
- 1118271740 2005.06.08 R03-M1-N9-C:J09-U11 2005-06-08-16.02.20.600478 R03-M1-N9-C:J09-U11 RAS KERNEL INFO 1 ddr errors(s) detected and corrected on rank 0, symbol 25, bit 1
- 1118285722 2005.06.08 R15-M1-N6-C:J04-U11 2005-06-08-19.55.22.798062 R15-M1-N6-C:J04-U11 RAS KERNEL INFO CE sym 14, at 0x06047860, mask 0x20
- 1118290076 2005.06.08 R27-M0-ND-C:J10-U01 2005-06-08-21.07.56.397001 R27-M0-ND-C:J10-U01 RAS KERNEL INFO generating core.3265
- 1118290077 2005.06.08 R27-M1-N6-C:J04-U01 2005-06-08-21.07.57.879112 R27-M1-N6-C:J04-U01 RAS KERNEL INFO generating core.2599
- 1118292507 2005.06.08 R26-M0-NB-C:J09-U11 2005-06-08-21.48.27.952411 R26-M0-NB-C:J09-U11 RAS KERNEL INFO generating core.1818
- 1118301090 2005.06.09 R21-M1-NA-C:J07-U11 2005-06-09-00.11.30.925676 R21-M1-NA-C:J07-U11 RAS KERNEL INFO generating core.1694
- 1118343776 2005.06.09 R16-M1-N1-C:J12-U01 2005-06-09-12.02.56.706796 R16-M1-N1-C:J12-U01 RAS KERNEL INFO generating core.3401
- 1118343816 2005.06.09 R07-M1-NE-C:J06-U01 2005-06-09-12.03.36.113136 R07-M1-NE-C:J06-U01 RAS KERNEL INFO generating core.25350
- 1118343958 2005.06.09 R23-M1-NA-C:J17-U11 2005-06-09-12.05.58.258567 R23-M1-NA-C:J17-U11 RAS KERNEL INFO generating core.1820
- 1118351098 2005.06.09 R16-M1-N2-C:J17-U01 2005-06-09-14.04.58.329635 R16-M1-N2-C:J17-U01 RAS KERNEL INFO CE sym 2, at 0x1b85f080, mask 0x02
- 1118354046 2005.06.09 R24-M1-N6-C:J07-U11 2005-06-09-14.54.06.957120 R24-M1-N6-C:J07-U11 RAS KERNEL INFO generating core.254
- 1118354070 2005.06.09 R25-M1-N8-C:J05-U11 2005-06-09-14.54.30.103580 R25-M1-N8-C:J05-U11 RAS KERNEL INFO generating core.1887
- 1118363168 2005.06.09 R16-M1-N2-C:J17-U01 2005-06-09-17.26.08.386218 R16-M1-N2-C:J17-U01 RAS KERNEL INFO CE sym 2, at 0x1b85fe80, mask 0x02
- 1118371043 2005.06.09 R11-M0-N7-C:J16-U11 2005-06-09-19.37.23.866536 R11-M0-N7-C:J16-U11 RAS KERNEL INFO generating core.8280
- 1118371064 2005.06.09 R00-M1-N6-C:J12-U01 2005-06-09-19.37.44.455502 R00-M1-N6-C:J12-U01 RAS KERNEL INFO generating core.12357
KERNDTLB 1118536327 2005.06.11 R30-M0-N9-C:J16-U01 2005-06-11-17.32.07.581048 R30-M0-N9-C:J16-U01 RAS KERNEL FATAL data TLB error interrupt
KERNDTLB 1118536959 2005.06.11 R30-M0-N9-C:J16-U01 2005-06-11-17.42.39.794840 R30-M0-N9-C:J16-U01 RAS KERNEL FATAL data TLB error interrupt
KERNDTLB 1118537212 2005.06.11 R30-M0-N9-C:J16-U01 2005-06-11-17.46.52.020435 R30-M0-N9-C:J16-U01 RAS KERNEL FATAL data TLB error interrupt
KERNDTLB 1118537261 2005.06.11 R30-M0-N9-C:J16-U01 2005-06-11-17.47.41.103595 R30-M0-N9-C:J16-U01 RAS KERNEL FATAL data TLB error interrupt
KERNDTLB 1118537622 2005.06.11 R30-M0-N9-C:J16-U01 2005-06-11-17.53.42.323869 R30-M0-N9-C:J16-U01 RAS KERNEL FATAL data TLB error interrupt
KERNDTLB 1118537694 2005.06.11 R30-M0-N9-C:J16-U01 2005-06-11-17.54.54.024829 R30-M0-N9-C:J16-U01 RAS KERNEL FATAL data TLB error interrupt
KERNDTLB 1118538129 2005.06.11 R30-M0-N9-C:J16-U01 2005-06-11-18.02.09.666558 R30-M0-N9-C:J16-U01 RAS KERNEL FATAL data TLB error interrupt
KERNDTLB 1118538182 2005.06.11 R30-M0-N9-C:J16-U01 2005-06-11-18.03.02.884252 R30-M0-N9-C:J16-U01 RAS KERNEL FATAL data TLB error interrupt
KERNDTLB 1118538836 2005.06.11 R30-M0-N9-C:J16-U01 2005-06-11-18.13.56.287869 R30-M0-N9-C:J16-U01 RAS KERNEL FATAL data TLB error interrupt
KERNDTLB 1118539141 2005.06.11 R30-M0-N9-C:J16-U01 2005-06-11-18.19.01.277745 R30-M0-N9-C:J16-U01 RAS KERNEL FATAL data TLB error interrupt
KERNDTLB 1118539342 2005.06.11 R30-M0-N9-C:J16-U01 2005-06-11-18.22.22.630540 R30-M0-N9-C:J16-U01 RAS KERNEL FATAL data TLB error interrupt
KERNDTLB 1118539682 2005.06.11 R30-M0-N9-C:J16-U01 2005-06-11-18.28.02.964604 R30-M0-N9-C:J16-U01 RAS KERNEL FATAL data TLB error interrupt
KERNDTLB 1118539891 2005.06.11 R30-M0-N9-C:J16-U01 2005-06-11-18.31.31.276036 R30-M0-N9-C:J16-U01 RAS KERNEL FATAL data TLB error interrupt
KERNDTLB 1118540457 2005.06.11 R30-M0-N9-C:J16-U01 2005-06-11-18.40.57.217361 R30-M0-N9-C:J16-U01 RAS KERNEL FATAL data TLB error interrupt
KERNDTLB 1118541065 2005.06.11 R30-M0-N9-C:J16-U01 2005-06-11-18.51.05.246165 R30-M0-N9-C:J16-U01 RAS KERNEL FATAL data TLB error interrupt
KERNDTLB 1118541373 2005.06.11 R30-M0-N9-C:J16-U01 2005-06-11-18.56.13.781741 R30-M0-N9-C:J16-U01 RAS KERNEL FATAL data TLB error interrupt
KERNDTLB 1118541965 2005.06.11 R30-M0-N9-C:J16-U01 2005-06-11-19.06.05.431824 R30-M0-N9-C:J16-U01 RAS KERNEL FATAL data TLB error interrupt
